// Jest Snapshot v1, https://goo.gl/fbAQLP

exports[`Comments renders a comments component 1`] = `
<div
  className="ui container comments"
>
  <div
    id="comment-add-id"
  >
    <div
      className="ui container"
    >
      <form
        className="ui form"
        method="post"
        onSubmit={[Function]}
      >
        <div
          className="ui raised segments"
        >
          <div
            className="ui segment"
          >
            <div
              className="inline field textarea"
            >
              <div
                className="ui grid"
              >
                <div
                  className="stretched row"
                >
                  <div
                    className="four wide column"
                  >
                    <div
                      className="wrapper"
                    >
                      <label
                        htmlFor="field-comment"
                      >
                        Comment
                      </label>
                    </div>
                  </div>
                  <div
                    className="eight wide column"
                  >
                    <textarea
                      id="field-comment"
                      name="comment"
                      onChange={[Function]}
                      onInput={[Function]}
                      rows={3}
                      value=""
                    />
                  </div>
                </div>
              </div>
            </div>
          </div>
          <div
            className="ui clearing segment actions"
          >
            <button
              aria-label="Comment"
              className="ui basic primary right floated button"
              onClick={[Function]}
              title="Comment"
              type="submit"
            >
              <svg
                className="icon circled"
                dangerouslySetInnerHTML={
                  Object {
                    "__html": undefined,
                  }
                }
                onClick={null}
                style={
                  Object {
                    "fill": "currentColor",
                    "height": "30px",
                    "width": "auto",
                  }
                }
                viewBox=""
                xmlns=""
              />
            </button>
            <button
              aria-label="Cancel"
              className="ui basic secondary right floated button"
              onClick={[Function]}
              title="Cancel"
            >
              <svg
                className="icon circled"
                dangerouslySetInnerHTML={
                  Object {
                    "__html": undefined,
                  }
                }
                onClick={null}
                style={
                  Object {
                    "fill": "currentColor",
                    "height": "30px",
                    "width": "auto",
                  }
                }
                viewBox=""
                xmlns=""
              />
            </button>
          </div>
        </div>
      </form>
    </div>
  </div>
  <div
    className="ui threaded comments"
  >
    <div
      className="comment"
    >
      <div
        className="avatar circular"
        color="teal"
      >
        <svg
          height="30"
          width="30"
        >
          <circle
            cx="15"
            cy="15"
            fill="purple"
            r="15"
          />
          <text
            dy=".3em"
            fill="white"
            font-family="Arial"
            font-size="15px"
            text-anchor="middle"
            x="50%"
            y="50%"
          >
            A
          </text>
        </svg>
      </div>
      <div
        className="content"
      >
        <div
          className="author"
        >
          admin
        </div>
        <div
          className="metadata"
        >
          <span>
             
            <span
              title="Sunday, April 23, 2017 3:38 AM"
            >
              a few seconds ago
            </span>
          </span>
        </div>
        <div
          className="text"
        >
           
          Some comment
        </div>
        <div
          className="actions"
        >
          <a
            className=""
            onClick={[Function]}
          >
            Reply
          </a>
          <a
            aria-label="Edit"
            className=""
            onClick={[Function]}
            value={
              Object {
                "id": "someurl",
                "text": "Some comment",
              }
            }
          >
            Edit
          </a>
          <a
            aria-label="Delete"
            className=""
            color="red"
            onClick={[Function]}
          >
            <i
              aria-hidden="true"
              className="red delete icon"
              onClick={[Function]}
            />
            Delete
          </a>
          <a
            className=""
            onClick={[Function]}
          />
        </div>
        <div
          id="reply-place-undefined"
        />
      </div>
    </div>
  </div>
</div>
`;
